cuda
Using device: cuda
Configuration: {'model_name': 'distilbert-base-cased', 'num_labels': 4, 'max_length': 64, 'batch_size': 32, 'learning_rate': 2e-05, 'epochs': 5, 'warmup_ratio': 0.1, 'output_dir': 'C:\\Users\\piedu\\OneDrive\\Documents\\GitHub\\Project\\src\\model\\results\\checkpoints', 'data_dir': 'C:\\Users\\piedu\\OneDrive\\Documents\\GitHub\\Project\\model_tuning\\data\\processed', 'seed': 42}

Train samples: 26921
Validation samples: 8973
Loading weights:   0%|          | 0/100 [00:00<?, ?it/s]Loading weights: 100%|##########| 100/100 [00:00<00:00, 4207.05it/s]
[1mDistilBertForSequenceClassification LOAD REPORT[0m from: distilbert-base-cased
Key                     | Status     | 
------------------------+------------+-
vocab_transform.weight  | UNEXPECTED | 
vocab_layer_norm.weight | UNEXPECTED | 
vocab_projector.bias    | UNEXPECTED | 
vocab_transform.bias    | UNEXPECTED | 
vocab_layer_norm.bias   | UNEXPECTED | 
classifier.weight       | MISSING    | 
classifier.bias         | MISSING    | 
pre_classifier.weight   | MISSING    | 
pre_classifier.bias     | MISSING    | 

Notes:
- UNEXPECTED:	can be ignored when loading from different task/architecture; not ok if you expect identical arch.
- MISSING:	those params were newly initialized because missing from the checkpoint. Consider training on your downstream task.

============================================================
Epoch 1/5
============================================================
Train Loss: 0.7588
Val Loss:   0.4903
Macro F1:   0.7765

Per-class F1: A=0.7624  E=0.8085  I=0.6170  O=0.9182  

              precision    recall  f1-score   support

           A     0.6935    0.8466    0.7624       580
           E     0.7478    0.8800    0.8085      1183
           I     0.5220    0.7543    0.6170       582
           O     0.9635    0.8769    0.9182      6628

    accuracy                         0.8674      8973
   macro avg     0.7317    0.8394    0.7765      8973
weighted avg     0.8890    0.8674    0.8741      8973

Confusion Matrix:
[[ 491   18    6   65]
 [  28 1041   47   67]
 [  23   32  439   88]
 [ 166  301  349 5812]]
Writing model shards:   0%|          | 0/1 [00:00<?, ?it/s]Writing model shards: 100%|##########| 1/1 [00:00<00:00,  1.00it/s]Writing model shards: 100%|##########| 1/1 [00:00<00:00,  1.00it/s]

New best model saved! Macro F1: 0.7765

============================================================
Epoch 2/5
============================================================
Train Loss: 0.4094
Val Loss:   0.4693
Macro F1:   0.8066

Per-class F1: A=0.7656  E=0.8481  I=0.6787  O=0.9338  

              precision    recall  f1-score   support

           A     0.7060    0.8362    0.7656       580
           E     0.8244    0.8732    0.8481      1183
           I     0.6048    0.7732    0.6787       582
           O     0.9590    0.9099    0.9338      6628

    accuracy                         0.8915      8973
   macro avg     0.7736    0.8481    0.8066      8973
weighted avg     0.9019    0.8915    0.8951      8973

Confusion Matrix:
[[ 485   18    9   68]
 [  25 1033   31   94]
 [  20   16  450   96]
 [ 157  186  254 6031]]
Writing model shards:   0%|          | 0/1 [00:00<?, ?it/s]Writing model shards: 100%|##########| 1/1 [00:00<00:00,  1.80it/s]Writing model shards: 100%|##########| 1/1 [00:00<00:00,  1.80it/s]

New best model saved! Macro F1: 0.8066

============================================================
Epoch 3/5
============================================================
Train Loss: 0.3224
Val Loss:   0.5428
Macro F1:   0.8257

Per-class F1: A=0.7738  E=0.8567  I=0.7279  O=0.9445  

              precision    recall  f1-score   support

           A     0.7126    0.8466    0.7738       580
           E     0.8308    0.8842    0.8567      1183
           I     0.7140    0.7423    0.7279       582
           O     0.9598    0.9297    0.9445      6628

    accuracy                         0.9062      8973
   macro avg     0.8043    0.8507    0.8257      8973
weighted avg     0.9109    0.9062    0.9078      8973

Confusion Matrix:
[[ 491   19    7   63]
 [  27 1046   25   85]
 [  19   21  432  110]
 [ 152  173  141 6162]]
Writing model shards:   0%|          | 0/1 [00:00<?, ?it/s]Writing model shards: 100%|##########| 1/1 [00:00<00:00,  2.44it/s]Writing model shards: 100%|##########| 1/1 [00:00<00:00,  2.44it/s]

New best model saved! Macro F1: 0.8257

============================================================
Epoch 4/5
============================================================
Train Loss: 0.2506
Val Loss:   0.5803
Macro F1:   0.8228

Per-class F1: A=0.7781  E=0.8432  I=0.7285  O=0.9415  

              precision    recall  f1-score   support

           A     0.7114    0.8586    0.7781       580
           E     0.8038    0.8867    0.8432      1183
           I     0.7089    0.7491    0.7285       582
           O     0.9619    0.9220    0.9415      6628

    accuracy                         0.9020      8973
   macro avg     0.7965    0.8541    0.8228      8973
weighted avg     0.9085    0.9020    0.9042      8973

Confusion Matrix:
[[ 498   18    7   57]
 [  27 1049   27   80]
 [  18   23  436  105]
 [ 157  215  145 6111]]

============================================================
Epoch 5/5
============================================================
Train Loss: 0.1926
Val Loss:   0.6570
Macro F1:   0.8331

Per-class F1: A=0.7884  E=0.8573  I=0.7388  O=0.9480  

              precision    recall  f1-score   support

           A     0.7416    0.8414    0.7884       580
           E     0.8327    0.8833    0.8573      1183
           I     0.7439    0.7337    0.7388       582
           O     0.9584    0.9378    0.9480      6628

    accuracy                         0.9112      8973
   macro avg     0.8191    0.8491    0.8331      8973
weighted avg     0.9139    0.9112    0.9121      8973

Confusion Matrix:
[[ 488   18    7   67]
 [  27 1045   24   87]
 [  16   23  427  116]
 [ 127  169  116 6216]]
Writing model shards:   0%|          | 0/1 [00:00<?, ?it/s]Writing model shards: 100%|##########| 1/1 [00:00<00:00,  2.84it/s]Writing model shards: 100%|##########| 1/1 [00:00<00:00,  2.84it/s]

New best model saved! Macro F1: 0.8331

============================================================
Training complete. Best Macro F1: 0.8331
Best model saved to: C:\Users\piedu\OneDrive\Documents\GitHub\Project\src\model\results\checkpoints\best_model
============================================================
